Archive member included because of file (symbol)

c:/program files (x86)/atmel/atmel toolchain/avr8 gcc/native/3.4.1061/avr8-gnu-toolchain/bin/../lib/gcc/avr/4.8.1/avr5\libgcc.a(_exit.o)
                              c:/program files (x86)/atmel/atmel toolchain/avr8 gcc/native/3.4.1061/avr8-gnu-toolchain/bin/../lib/gcc/avr/4.8.1/../../../../avr/lib/avr5/crtm32m1.o (exit)
c:/program files (x86)/atmel/atmel toolchain/avr8 gcc/native/3.4.1061/avr8-gnu-toolchain/bin/../lib/gcc/avr/4.8.1/avr5\libgcc.a(_clear_bss.o)
                              main.o (__do_clear_bss)

Allocating common symbols
Common symbol       size              file

msg_received        0x1               main.o
uart_command        0x19              main.o
uart_buflen         0x1               main.o
msg                 0x2               main.o
uart_buffer         0x19              main.o
trans_msg           0x6               main.o
uart_listen         0x1               main.o
CTC_flag            0x1               main.o
uart_comlen         0x1               main.o
status              0x1               main.o

Discarded input sections

 .data          0x00000000        0x0 c:/program files (x86)/atmel/atmel toolchain/avr8 gcc/native/3.4.1061/avr8-gnu-toolchain/bin/../lib/gcc/avr/4.8.1/../../../../avr/lib/avr5/crtm32m1.o
 .bss           0x00000000        0x0 c:/program files (x86)/atmel/atmel toolchain/avr8 gcc/native/3.4.1061/avr8-gnu-toolchain/bin/../lib/gcc/avr/4.8.1/../../../../avr/lib/avr5/crtm32m1.o
 .text          0x00000000        0x0 LED.o
 .data          0x00000000        0x0 LED.o
 .bss           0x00000000        0x0 LED.o
 .text.LED_Reg_Write
                0x00000000        0x6 LED.o
 .text.LED_set  0x00000000       0x2a LED.o
 .text.LED_clr  0x00000000       0x28 LED.o
 .text          0x00000000        0x0 main.o
 .data          0x00000000        0x0 main.o
 .bss           0x00000000        0x0 main.o
 .text          0x00000000        0x0 spi_lib.o
 .data          0x00000000        0x0 spi_lib.o
 .bss           0x00000000        0x0 spi_lib.o
 .text.SS1_set_low
                0x00000000        0x4 spi_lib.o
 .text.spi_retrieve_temp
                0x00000000       0x3a spi_lib.o
 .text          0x00000000        0x0 Timer.o
 .data          0x00000000        0x0 Timer.o
 .bss           0x00000000        0x0 Timer.o
 .text          0x00000000        0x0 trans_lib.o
 .data          0x00000000        0x0 trans_lib.o
 .bss           0x00000000        0x0 trans_lib.o
 .text.dir_FIFO_write
                0x00000000       0x46 trans_lib.o
 .text.set_CSn  0x00000000       0x10 trans_lib.o
 .text          0x00000000        0x0 uart_lib.o
 .data          0x00000000        0x0 uart_lib.o
 .bss           0x00000000        0x0 uart_lib.o
 .text          0x00000000        0x0 c:/program files (x86)/atmel/atmel toolchain/avr8 gcc/native/3.4.1061/avr8-gnu-toolchain/bin/../lib/gcc/avr/4.8.1/avr5\libgcc.a(_exit.o)
 .data          0x00000000        0x0 c:/program files (x86)/atmel/atmel toolchain/avr8 gcc/native/3.4.1061/avr8-gnu-toolchain/bin/../lib/gcc/avr/4.8.1/avr5\libgcc.a(_exit.o)
 .bss           0x00000000        0x0 c:/program files (x86)/atmel/atmel toolchain/avr8 gcc/native/3.4.1061/avr8-gnu-toolchain/bin/../lib/gcc/avr/4.8.1/avr5\libgcc.a(_exit.o)
 .text.libgcc.mul
                0x00000000        0x0 c:/program files (x86)/atmel/atmel toolchain/avr8 gcc/native/3.4.1061/avr8-gnu-toolchain/bin/../lib/gcc/avr/4.8.1/avr5\libgcc.a(_exit.o)
 .text.libgcc.div
                0x00000000        0x0 c:/program files (x86)/atmel/atmel toolchain/avr8 gcc/native/3.4.1061/avr8-gnu-toolchain/bin/../lib/gcc/avr/4.8.1/avr5\libgcc.a(_exit.o)
 .text.libgcc   0x00000000        0x0 c:/program files (x86)/atmel/atmel toolchain/avr8 gcc/native/3.4.1061/avr8-gnu-toolchain/bin/../lib/gcc/avr/4.8.1/avr5\libgcc.a(_exit.o)
 .text.libgcc.prologue
                0x00000000        0x0 c:/program files (x86)/atmel/atmel toolchain/avr8 gcc/native/3.4.1061/avr8-gnu-toolchain/bin/../lib/gcc/avr/4.8.1/avr5\libgcc.a(_exit.o)
 .text.libgcc.builtins
                0x00000000        0x0 c:/program files (x86)/atmel/atmel toolchain/avr8 gcc/native/3.4.1061/avr8-gnu-toolchain/bin/../lib/gcc/avr/4.8.1/avr5\libgcc.a(_exit.o)
 .text.libgcc.fmul
                0x00000000        0x0 c:/program files (x86)/atmel/atmel toolchain/avr8 gcc/native/3.4.1061/avr8-gnu-toolchain/bin/../lib/gcc/avr/4.8.1/avr5\libgcc.a(_exit.o)
 .text.libgcc.fixed
                0x00000000        0x0 c:/program files (x86)/atmel/atmel toolchain/avr8 gcc/native/3.4.1061/avr8-gnu-toolchain/bin/../lib/gcc/avr/4.8.1/avr5\libgcc.a(_exit.o)
 .text          0x00000000        0x0 c:/program files (x86)/atmel/atmel toolchain/avr8 gcc/native/3.4.1061/avr8-gnu-toolchain/bin/../lib/gcc/avr/4.8.1/avr5\libgcc.a(_clear_bss.o)
 .data          0x00000000        0x0 c:/program files (x86)/atmel/atmel toolchain/avr8 gcc/native/3.4.1061/avr8-gnu-toolchain/bin/../lib/gcc/avr/4.8.1/avr5\libgcc.a(_clear_bss.o)
 .bss           0x00000000        0x0 c:/program files (x86)/atmel/atmel toolchain/avr8 gcc/native/3.4.1061/avr8-gnu-toolchain/bin/../lib/gcc/avr/4.8.1/avr5\libgcc.a(_clear_bss.o)
 .text.libgcc.mul
                0x00000000        0x0 c:/program files (x86)/atmel/atmel toolchain/avr8 gcc/native/3.4.1061/avr8-gnu-toolchain/bin/../lib/gcc/avr/4.8.1/avr5\libgcc.a(_clear_bss.o)
 .text.libgcc.div
                0x00000000        0x0 c:/program files (x86)/atmel/atmel toolchain/avr8 gcc/native/3.4.1061/avr8-gnu-toolchain/bin/../lib/gcc/avr/4.8.1/avr5\libgcc.a(_clear_bss.o)
 .text.libgcc   0x00000000        0x0 c:/program files (x86)/atmel/atmel toolchain/avr8 gcc/native/3.4.1061/avr8-gnu-toolchain/bin/../lib/gcc/avr/4.8.1/avr5\libgcc.a(_clear_bss.o)
 .text.libgcc.prologue
                0x00000000        0x0 c:/program files (x86)/atmel/atmel toolchain/avr8 gcc/native/3.4.1061/avr8-gnu-toolchain/bin/../lib/gcc/avr/4.8.1/avr5\libgcc.a(_clear_bss.o)
 .text.libgcc.builtins
                0x00000000        0x0 c:/program files (x86)/atmel/atmel toolchain/avr8 gcc/native/3.4.1061/avr8-gnu-toolchain/bin/../lib/gcc/avr/4.8.1/avr5\libgcc.a(_clear_bss.o)
 .text.libgcc.fmul
                0x00000000        0x0 c:/program files (x86)/atmel/atmel toolchain/avr8 gcc/native/3.4.1061/avr8-gnu-toolchain/bin/../lib/gcc/avr/4.8.1/avr5\libgcc.a(_clear_bss.o)
 .text.libgcc.fixed
                0x00000000        0x0 c:/program files (x86)/atmel/atmel toolchain/avr8 gcc/native/3.4.1061/avr8-gnu-toolchain/bin/../lib/gcc/avr/4.8.1/avr5\libgcc.a(_clear_bss.o)

Memory Configuration

Name             Origin             Length             Attributes
text             0x00000000         0x00020000         xr
data             0x00800060         0x0000ffa0         rw !x
eeprom           0x00810000         0x00010000         rw !x
fuse             0x00820000         0x00000400         rw !x
lock             0x00830000         0x00000400         rw !x
signature        0x00840000         0x00000400         rw !x
user_signatures  0x00850000         0x00000400         rw !x
*default*        0x00000000         0xffffffff

Linker script and memory map

Address of section .data set to 0x800100
LOAD c:/program files (x86)/atmel/atmel toolchain/avr8 gcc/native/3.4.1061/avr8-gnu-toolchain/bin/../lib/gcc/avr/4.8.1/../../../../avr/lib/avr5/crtm32m1.o
LOAD LED.o
LOAD main.o
LOAD spi_lib.o
LOAD Timer.o
LOAD trans_lib.o
LOAD uart_lib.o
START GROUP
LOAD c:/program files (x86)/atmel/atmel toolchain/avr8 gcc/native/3.4.1061/avr8-gnu-toolchain/bin/../lib/gcc/avr/4.8.1/../../../../avr/lib/avr5\libm.a
END GROUP
START GROUP
LOAD c:/program files (x86)/atmel/atmel toolchain/avr8 gcc/native/3.4.1061/avr8-gnu-toolchain/bin/../lib/gcc/avr/4.8.1/avr5\libgcc.a
LOAD c:/program files (x86)/atmel/atmel toolchain/avr8 gcc/native/3.4.1061/avr8-gnu-toolchain/bin/../lib/gcc/avr/4.8.1/../../../../avr/lib/avr5\libm.a
LOAD c:/program files (x86)/atmel/atmel toolchain/avr8 gcc/native/3.4.1061/avr8-gnu-toolchain/bin/../lib/gcc/avr/4.8.1/../../../../avr/lib/avr5\libc.a
END GROUP

.hash
 *(.hash)

.dynsym
 *(.dynsym)

.dynstr
 *(.dynstr)

.gnu.version
 *(.gnu.version)

.gnu.version_d
 *(.gnu.version_d)

.gnu.version_r
 *(.gnu.version_r)

.rel.init
 *(.rel.init)

.rela.init
 *(.rela.init)

.rel.text
 *(.rel.text)
 *(.rel.text.*)
 *(.rel.gnu.linkonce.t*)

.rela.text
 *(.rela.text)
 *(.rela.text.*)
 *(.rela.gnu.linkonce.t*)

.rel.fini
 *(.rel.fini)

.rela.fini
 *(.rela.fini)

.rel.rodata
 *(.rel.rodata)
 *(.rel.rodata.*)
 *(.rel.gnu.linkonce.r*)

.rela.rodata
 *(.rela.rodata)
 *(.rela.rodata.*)
 *(.rela.gnu.linkonce.r*)

.rel.data
 *(.rel.data)
 *(.rel.data.*)
 *(.rel.gnu.linkonce.d*)

.rela.data
 *(.rela.data)
 *(.rela.data.*)
 *(.rela.gnu.linkonce.d*)

.rel.ctors
 *(.rel.ctors)

.rela.ctors
 *(.rela.ctors)

.rel.dtors
 *(.rel.dtors)

.rela.dtors
 *(.rela.dtors)

.rel.got
 *(.rel.got)

.rela.got
 *(.rela.got)

.rel.bss
 *(.rel.bss)

.rela.bss
 *(.rela.bss)

.rel.plt
 *(.rel.plt)

.rela.plt
 *(.rela.plt)

.text           0x00000000      0x7f8
 *(.vectors)
 .vectors       0x00000000       0x7c c:/program files (x86)/atmel/atmel toolchain/avr8 gcc/native/3.4.1061/avr8-gnu-toolchain/bin/../lib/gcc/avr/4.8.1/../../../../avr/lib/avr5/crtm32m1.o
                0x00000000                __vector_default
                0x00000000                __vectors
 *(.vectors)
 *(.progmem.gcc*)
                0x0000007c                . = ALIGN (0x2)
                0x0000007c                __trampolines_start = .
 *(.trampolines)
 .trampolines   0x0000007c        0x0 linker stubs
 *(.trampolines*)
                0x0000007c                __trampolines_end = .
 *(.progmem*)
                0x0000007c                . = ALIGN (0x2)
 *(.jumptables)
 *(.jumptables*)
 *(.lowtext)
 *(.lowtext*)
                0x0000007c                __ctors_start = .
 *(.ctors)
                0x0000007c                __ctors_end = .
                0x0000007c                __dtors_start = .
 *(.dtors)
                0x0000007c                __dtors_end = .
 SORT(*)(.ctors)
 SORT(*)(.dtors)
 *(.init0)
 .init0         0x0000007c        0x0 c:/program files (x86)/atmel/atmel toolchain/avr8 gcc/native/3.4.1061/avr8-gnu-toolchain/bin/../lib/gcc/avr/4.8.1/../../../../avr/lib/avr5/crtm32m1.o
                0x0000007c                __init
 *(.init0)
 *(.init1)
 *(.init1)
 *(.init2)
 .init2         0x0000007c        0xc c:/program files (x86)/atmel/atmel toolchain/avr8 gcc/native/3.4.1061/avr8-gnu-toolchain/bin/../lib/gcc/avr/4.8.1/../../../../avr/lib/avr5/crtm32m1.o
 *(.init2)
 *(.init3)
 *(.init3)
 *(.init4)
 .init4         0x00000088       0x10 c:/program files (x86)/atmel/atmel toolchain/avr8 gcc/native/3.4.1061/avr8-gnu-toolchain/bin/../lib/gcc/avr/4.8.1/avr5\libgcc.a(_clear_bss.o)
                0x00000088                __do_clear_bss
 *(.init4)
 *(.init5)
 *(.init5)
 *(.init6)
 *(.init6)
 *(.init7)
 *(.init7)
 *(.init8)
 *(.init8)
 *(.init9)
 .init9         0x00000098        0x8 c:/program files (x86)/atmel/atmel toolchain/avr8 gcc/native/3.4.1061/avr8-gnu-toolchain/bin/../lib/gcc/avr/4.8.1/../../../../avr/lib/avr5/crtm32m1.o
 *(.init9)
 *(.text)
 .text          0x000000a0        0x4 c:/program files (x86)/atmel/atmel toolchain/avr8 gcc/native/3.4.1061/avr8-gnu-toolchain/bin/../lib/gcc/avr/4.8.1/../../../../avr/lib/avr5/crtm32m1.o
                0x000000a0                __vector_22
                0x000000a0                __vector_28
                0x000000a0                __vector_1
                0x000000a0                __vector_24
                0x000000a0                __bad_interrupt
                0x000000a0                __vector_6
                0x000000a0                __vector_3
                0x000000a0                __vector_23
                0x000000a0                __vector_30
                0x000000a0                __vector_25
                0x000000a0                __vector_11
                0x000000a0                __vector_13
                0x000000a0                __vector_17
                0x000000a0                __vector_19
                0x000000a0                __vector_7
                0x000000a0                __vector_27
                0x000000a0                __vector_5
                0x000000a0                __vector_4
                0x000000a0                __vector_9
                0x000000a0                __vector_2
                0x000000a0                __vector_21
                0x000000a0                __vector_15
                0x000000a0                __vector_29
                0x000000a0                __vector_8
                0x000000a0                __vector_26
                0x000000a0                __vector_14
                0x000000a0                __vector_10
                0x000000a0                __vector_16
                0x000000a0                __vector_18
                0x000000a0                __vector_20
                0x000000a4                . = ALIGN (0x2)
 *(.text.*)
 .text.LED_toggle
                0x000000a4       0x36 LED.o
                0x000000a4                LED_toggle
 .text.main     0x000000da       0x64 main.o
                0x000000da                main
 .text.spi_initialize_master
                0x0000013e        0xc spi_lib.o
                0x0000013e                spi_initialize_master
 .text.spi_transfer
                0x0000014a       0x1a spi_lib.o
                0x0000014a                spi_transfer
 .text.SS_set_high
                0x00000164        0xa spi_lib.o
                0x00000164                SS_set_high
 .text.spi_transfer2
                0x0000016e       0x30 spi_lib.o
                0x0000016e                spi_transfer2
 .text.SS1_set_high
                0x0000019e        0x4 spi_lib.o
                0x0000019e                SS1_set_high
 .text.SS_set_low
                0x000001a2        0xa spi_lib.o
                0x000001a2                SS_set_low
 .text.__vector_12
                0x000001ac       0x1e Timer.o
                0x000001ac                __vector_12
 .text.timer_init
                0x000001ca       0x10 Timer.o
                0x000001ca                timer_init
 .text.delay_us
                0x000001da       0x24 Timer.o
                0x000001da                delay_us
 .text.delay_ms
                0x000001fe       0x2c Timer.o
                0x000001fe                delay_ms
 .text.delay_cycles
                0x0000022a        0xe Timer.o
                0x0000022a                delay_cycles
 .text.reg_read
                0x00000238       0x32 trans_lib.o
                0x00000238                reg_read
 .text.reg_write
                0x0000026a       0x32 trans_lib.o
                0x0000026a                reg_write
 .text.reg_read2F
                0x0000029c       0x3e trans_lib.o
                0x0000029c                reg_read2F
 .text.cmd_str  0x000002da       0x16 trans_lib.o
                0x000002da                cmd_str
 .text.reg_write2F
                0x000002f0       0x46 trans_lib.o
                0x000002f0                reg_write2F
 .text.get_status
                0x00000336       0x1a trans_lib.o
                0x00000336                get_status
 .text.dir_FIFO_read
                0x00000350       0x44 trans_lib.o
                0x00000350                dir_FIFO_read
 .text.reg_write_bit
                0x00000394       0x4e trans_lib.o
                0x00000394                reg_write_bit
 .text.reg_write_bit2F
                0x000003e2       0x4e trans_lib.o
                0x000003e2                reg_write_bit2F
 .text.transceiver_initialize
                0x00000430      0x17a trans_lib.o
                0x00000430                transceiver_initialize
 .text.trans_check
                0x000005aa       0x84 trans_lib.o
                0x000005aa                trans_check
 .text.uart_send
                0x0000062e       0x4a uart_lib.o
                0x0000062e                uart_send
 .text.uart_read
                0x00000678       0x1c uart_lib.o
                0x00000678                uart_read
 .text.uart_clear_buff
                0x00000694       0x16 uart_lib.o
                0x00000694                uart_clear_buff
 .text.uart_clear_command
                0x000006aa       0x16 uart_lib.o
                0x000006aa                uart_clear_command
 .text.uart_initialize
                0x000006c0       0x1a uart_lib.o
                0x000006c0                uart_initialize
 .text.uart_read_command
                0x000006da       0x86 uart_lib.o
                0x000006da                uart_read_command
 .text.uart_check
                0x00000760       0x94 uart_lib.o
                0x00000760                uart_check
                0x000007f4                . = ALIGN (0x2)
 *(.fini9)
 .fini9         0x000007f4        0x0 c:/program files (x86)/atmel/atmel toolchain/avr8 gcc/native/3.4.1061/avr8-gnu-toolchain/bin/../lib/gcc/avr/4.8.1/avr5\libgcc.a(_exit.o)
                0x000007f4                _exit
                0x000007f4                exit
 *(.fini9)
 *(.fini8)
 *(.fini8)
 *(.fini7)
 *(.fini7)
 *(.fini6)
 *(.fini6)
 *(.fini5)
 *(.fini5)
 *(.fini4)
 *(.fini4)
 *(.fini3)
 *(.fini3)
 *(.fini2)
 *(.fini2)
 *(.fini1)
 *(.fini1)
 *(.fini0)
 .fini0         0x000007f4        0x4 c:/program files (x86)/atmel/atmel toolchain/avr8 gcc/native/3.4.1061/avr8-gnu-toolchain/bin/../lib/gcc/avr/4.8.1/avr5\libgcc.a(_exit.o)
 *(.fini0)
                0x000007f8                _etext = .

.data           0x00800100        0x0 load address 0x000007f8
                0x00800100                PROVIDE (__data_start, .)
 *(.data)
 *(.data*)
 *(.rodata)
 *(.rodata*)
 *(.gnu.linkonce.d*)
                0x00800100                . = ALIGN (0x2)
                0x00800100                _edata = .
                0x00800100                PROVIDE (__data_end, .)

.bss            0x00800100       0x40
                0x00800100                PROVIDE (__bss_start, .)
 *(.bss)
 *(.bss*)
 *(COMMON)
 COMMON         0x00800100       0x40 main.o
                0x00800100                msg_received
                0x00800101                uart_command
                0x0080011a                uart_buflen
                0x0080011b                msg
                0x0080011d                uart_buffer
                0x00800136                trans_msg
                0x0080013c                uart_listen
                0x0080013d                CTC_flag
                0x0080013e                uart_comlen
                0x0080013f                status
                0x00800140                PROVIDE (__bss_end, .)
                0x000007f8                __data_load_start = LOADADDR (.data)
                0x000007f8                __data_load_end = (__data_load_start + SIZEOF (.data))

.noinit         0x00800140        0x0
                0x00800140                PROVIDE (__noinit_start, .)
 *(.noinit*)
                0x00800140                PROVIDE (__noinit_end, .)
                0x00800140                _end = .
                0x00800140                PROVIDE (__heap_start, .)

.eeprom         0x00810000        0x0
 *(.eeprom*)
                0x00810000                __eeprom_end = .

.fuse
 *(.fuse)
 *(.lfuse)
 *(.hfuse)
 *(.efuse)

.lock
 *(.lock*)

.signature
 *(.signature*)

.user_signatures
 *(.user_signatures*)

.stab
 *(.stab)

.stabstr
 *(.stabstr)

.stab.excl
 *(.stab.excl)

.stab.exclstr
 *(.stab.exclstr)

.stab.index
 *(.stab.index)

.stab.indexstr
 *(.stab.indexstr)

.comment        0x00000000       0x30
 *(.comment)
 .comment       0x00000000       0x30 LED.o
                                 0x31 (size before relaxing)
 .comment       0x00000000       0x31 main.o
 .comment       0x00000000       0x31 spi_lib.o
 .comment       0x00000000       0x31 Timer.o
 .comment       0x00000000       0x31 trans_lib.o
 .comment       0x00000000       0x31 uart_lib.o

.note.gnu.build-id
 *(.note.gnu.build-id)

.debug
 *(.debug)

.line
 *(.line)

.debug_srcinfo
 *(.debug_srcinfo)

.debug_sfnames
 *(.debug_sfnames)

.debug_aranges  0x00000000      0x1c0
 *(.debug_aranges)
 .debug_aranges
                0x00000000       0x38 LED.o
 .debug_aranges
                0x00000038       0x20 main.o
 .debug_aranges
                0x00000058       0x58 spi_lib.o
 .debug_aranges
                0x000000b0       0x40 Timer.o
 .debug_aranges
                0x000000f0       0x80 trans_lib.o
 .debug_aranges
                0x00000170       0x50 uart_lib.o

.debug_pubnames
 *(.debug_pubnames)

.debug_info     0x00000000     0x1b70
 *(.debug_info .gnu.linkonce.wi.*)
 .debug_info    0x00000000      0x111 LED.o
 .debug_info    0x00000111      0x29d main.o
 .debug_info    0x000003ae      0x36b spi_lib.o
 .debug_info    0x00000719      0x16a Timer.o
 .debug_info    0x00000883      0xe75 trans_lib.o
 .debug_info    0x000016f8      0x478 uart_lib.o

.debug_abbrev   0x00000000      0x842
 *(.debug_abbrev)
 .debug_abbrev  0x00000000       0x7a LED.o
 .debug_abbrev  0x0000007a      0x149 main.o
 .debug_abbrev  0x000001c3      0x19f spi_lib.o
 .debug_abbrev  0x00000362      0x102 Timer.o
 .debug_abbrev  0x00000464      0x21a trans_lib.o
 .debug_abbrev  0x0000067e      0x1c4 uart_lib.o

.debug_line     0x00000000      0x80f
 *(.debug_line .debug_line.* .debug_line_end)
 .debug_line    0x00000000       0xe6 LED.o
 .debug_line    0x000000e6      0x106 main.o
 .debug_line    0x000001ec      0x151 spi_lib.o
 .debug_line    0x0000033d      0x115 Timer.o
 .debug_line    0x00000452      0x22f trans_lib.o
 .debug_line    0x00000681      0x18e uart_lib.o

.debug_frame    0x00000000      0x3c4
 *(.debug_frame)
 .debug_frame   0x00000000       0x54 LED.o
 .debug_frame   0x00000054       0x24 main.o
 .debug_frame   0x00000078       0xb0 spi_lib.o
 .debug_frame   0x00000128       0x88 Timer.o
 .debug_frame   0x000001b0      0x164 trans_lib.o
 .debug_frame   0x00000314       0xb0 uart_lib.o

.debug_str      0x00000000      0x4c0
 *(.debug_str)
 .debug_str     0x00000000      0x153 LED.o
                                0x187 (size before relaxing)
 .debug_str     0x00000153      0x13f main.o
                                0x255 (size before relaxing)
 .debug_str     0x00000292       0xb2 spi_lib.o
                                0x232 (size before relaxing)
 .debug_str     0x00000344       0x19 Timer.o
                                0x1af (size before relaxing)
 .debug_str     0x0000035d       0xbd trans_lib.o
                                0x29d (size before relaxing)
 .debug_str     0x0000041a       0xa6 uart_lib.o
                                0x279 (size before relaxing)

.debug_loc      0x00000000      0xf98
 *(.debug_loc)
 .debug_loc     0x00000000       0x9d LED.o
 .debug_loc     0x0000009d      0x27b spi_lib.o
 .debug_loc     0x00000318      0x130 Timer.o
 .debug_loc     0x00000448      0x769 trans_lib.o
 .debug_loc     0x00000bb1      0x3e7 uart_lib.o

.debug_macinfo
 *(.debug_macinfo)

.debug_weaknames
 *(.debug_weaknames)

.debug_funcnames
 *(.debug_funcnames)

.debug_typenames
 *(.debug_typenames)

.debug_varnames
 *(.debug_varnames)

.debug_pubtypes
 *(.debug_pubtypes)

.debug_ranges   0x00000000      0x160
 *(.debug_ranges)
 .debug_ranges  0x00000000       0x28 LED.o
 .debug_ranges  0x00000028       0x10 main.o
 .debug_ranges  0x00000038       0x48 spi_lib.o
 .debug_ranges  0x00000080       0x30 Timer.o
 .debug_ranges  0x000000b0       0x70 trans_lib.o
 .debug_ranges  0x00000120       0x40 uart_lib.o

.debug_macro
 *(.debug_macro)
OUTPUT(Subsystem_Program.elf elf32-avr)
LOAD linker stubs
